
> rest-express@1.0.0 build
> tsx script/build.ts

building client...
vite v7.1.12 building for production...
transforming...
✓ 4516 modules transformed.
rendering chunks...
[meta-images] no Replit deployment domain found, skipping meta tag updates
computing gzip size...
../dist/public/registerSW.js                                            0.13 kB
../dist/public/manifest.webmanifest                                     0.29 kB
../dist/public/index.html                                               6.95 kB │ gzip:   2.90 kB
../dist/public/assets/tsx/dashboard-DSRLfdrR.tsx                       37.98 kB
../dist/public/assets/tsx/list-Bl7uONxo.tsx                            63.77 kB
../dist/public/assets/tsx/kanban-CuWbpc4_.tsx                          97.00 kB
../dist/public/assets/jpg/abstract_blue_tech_g_c1dd56ff-CP1jgwWl.jpg  499.30 kB
../dist/public/assets/css/details-CIGW-MKW.css                         15.61 kB │ gzip:   6.46 kB
../dist/public/assets/css/index-DyvFh3MG.css                           21.64 kB │ gzip:   4.95 kB
../dist/public/assets/js/skeleton-BftlqA4L.js                           0.22 kB │ gzip:   0.19 kB │ map:     0.64 kB
../dist/public/assets/js/textarea-Xkt0ngeR.js                           0.54 kB │ gzip:   0.36 kB │ map:     1.07 kB
../dist/public/assets/js/checkbox-DPzvsETz.js                           0.77 kB │ gzip:   0.43 kB │ map:     1.65 kB
../dist/public/assets/js/slider-CoL9Xjot.js                             0.79 kB │ gzip:   0.45 kB │ map:     1.73 kB
../dist/public/assets/js/not-found-DDUE0AYt.js                          0.89 kB │ gzip:   0.47 kB │ map:     1.34 kB
../dist/public/assets/js/switch-C1T8v_EF.js                             0.91 kB │ gzip:   0.48 kB │ map:     1.69 kB
../dist/public/assets/js/alert-PUMzfl7a.js                              1.05 kB │ gzip:   0.53 kB │ map:     2.64 kB
../dist/public/assets/js/separator-i3WF4Fpq.js                          1.11 kB │ gzip:   0.63 kB │ map:     5.12 kB
../dist/public/assets/js/accordion-J03dJQxP.js                          1.12 kB │ gzip:   0.56 kB │ map:     3.26 kB
../dist/public/assets/js/tabs-DIjnixoJ.js                               1.18 kB │ gzip:   0.49 kB │ map:     2.83 kB
../dist/public/assets/js/use-toast-CtrhG70P.js                          1.21 kB │ gzip:   0.65 kB │ map:     6.51 kB
../dist/public/assets/js/table-BclPZiyD.js                              1.65 kB │ gzip:   0.58 kB │ map:     4.72 kB
../dist/public/assets/js/alert-dialog-DEaGe3xa.js                       2.05 kB │ gzip:   0.74 kB │ map:     6.78 kB
../dist/public/assets/js/select-IpSJATHa.js                             3.21 kB │ gzip:   1.18 kB │ map:     8.71 kB
../dist/public/assets/js/image-lightbox-BE9GOhzc.js                     3.65 kB │ gzip:   1.30 kB │ map:     9.64 kB
../dist/public/assets/js/logs-BWd42x_V.js                               5.58 kB │ gzip:   2.11 kB │ map:    17.67 kB
../dist/public/assets/js/index-CN7byH3d.js                              6.01 kB │ gzip:   1.94 kB │ map:    16.55 kB
../dist/public/assets/js/web-vitals-B3y21I-e.js                         6.14 kB │ gzip:   2.50 kB │ map:    14.24 kB
../dist/public/assets/js/plans-qumn-kII.js                              7.05 kB │ gzip:   2.24 kB │ map:    19.62 kB
../dist/public/assets/js/QuickSendModal-Cax_ZkGR.js                     7.45 kB │ gzip:   3.11 kB │ map:    36.41 kB
../dist/public/assets/js/tenants-CoOnpHNV.js                           11.77 kB │ gzip:   3.04 kB │ map:    37.77 kB
../dist/public/assets/js/scroll-area-Ck1mwc76.js                       12.64 kB │ gzip:   4.01 kB │ map:    54.50 kB
../dist/public/assets/js/Helmet-DsoLaWqa.js                            16.60 kB │ gzip:   6.10 kB │ map:    73.10 kB
../dist/public/assets/js/vendor-react-s-c3WbsR.js                      17.35 kB │ gzip:   6.59 kB │ map:    71.98 kB
../dist/public/assets/js/landing-CjT_FwdQ.js                           17.76 kB │ gzip:   5.04 kB │ map:    42.03 kB
../dist/public/assets/js/vendor-ui-misc-BeQDGpBR.js                    17.97 kB │ gzip:   5.10 kB │ map:    97.78 kB
../dist/public/assets/js/vendor-ui-forms-BmHtUM9w.js                   19.91 kB │ gzip:   5.89 kB │ map:   105.82 kB
../dist/public/assets/js/properties-Coq1BqpK.js                        22.37 kB │ gzip:   5.90 kB │ map:    65.25 kB
../dist/public/assets/js/vendor-date-Futv0n7b.js                       24.48 kB │ gzip:   6.94 kB │ map:   198.99 kB
../dist/public/assets/js/vendor-utils-CjxovF-h.js                      25.48 kB │ gzip:   8.21 kB │ map:   137.15 kB
../dist/public/assets/js/details-DTMPzIXx.js                           32.31 kB │ gzip:   8.79 kB │ map:   100.57 kB
../dist/public/assets/js/dashboard-C8VVZ1lH.js                         34.13 kB │ gzip:   8.98 kB │ map:    90.37 kB
../dist/public/assets/js/property-details-BkmTEHTC.js                  36.36 kB │ gzip:   9.49 kB │ map:   111.03 kB
../dist/public/assets/js/vendor-query-Cjv433LF.js                      36.77 kB │ gzip:  11.02 kB │ map:   139.79 kB
../dist/public/assets/js/vendor-ui-dialog-BRQn1Aam.js                  37.28 kB │ gzip:  12.30 kB │ map:   196.86 kB
../dist/public/assets/js/index-_Fl6A6uD.js                             46.65 kB │ gzip:  10.01 kB │ map:   138.83 kB
../dist/public/assets/js/list-BfY69sIe.js                              54.45 kB │ gzip:  14.76 kB │ map:   170.25 kB
../dist/public/assets/js/index-GnNQ6IMP.js                             54.55 kB │ gzip:  12.92 kB │ map:   175.96 kB
../dist/public/assets/js/kanban-DWBv804U.js                            55.99 kB │ gzip:  13.46 kB │ map:   173.21 kB
../dist/public/assets/js/financeiro-DFWAxrLA.js                        62.41 kB │ gzip:  13.87 kB │ map:   187.63 kB
../dist/public/assets/js/index-BatxLKA8.js                             70.82 kB │ gzip:  15.34 kB │ map:   210.73 kB
../dist/public/assets/js/vendor-icons-DLyhBU3u.js                      71.00 kB │ gzip:  13.74 kB │ map:   178.15 kB
../dist/public/assets/js/vendor-ui-dropdown-BwV_SGIr.js                75.05 kB │ gzip:  23.95 kB │ map:   396.89 kB
../dist/public/assets/js/index-Cbpcwx7B.js                             80.33 kB │ gzip:  14.81 kB │ map:   239.39 kB
../dist/public/assets/js/vendor-forms-T3EDwwU-.js                      87.11 kB │ gzip:  25.94 kB │ map:   515.10 kB
../dist/public/assets/js/index-B7pEvDUX.js                             95.11 kB │ gzip:  25.13 kB │ map:   290.93 kB
../dist/public/assets/js/product-landing-CZJbrjPi.js                  144.90 kB │ gzip:  44.91 kB │ map:   695.38 kB
../dist/public/assets/js/vendor-maps-CAv6VkIw.js                      154.13 kB │ gzip:  45.03 kB │ map:   703.00 kB
../dist/public/assets/js/index.es-DKfcYDAb.js                         159.68 kB │ gzip:  53.56 kB │ map:   643.05 kB
../dist/public/assets/js/index-DG-8XVQs.js                            162.08 kB │ gzip:  36.43 kB │ map:   460.09 kB
../dist/public/assets/js/html2canvas.esm-B0tyYwQk.js                  202.36 kB │ gzip:  48.04 kB │ map:   603.20 kB
../dist/public/assets/js/jspdf.es.min-CgfSIpUd.js                     388.90 kB │ gzip: 127.75 kB │ map: 1,288.26 kB
../dist/public/assets/js/index-DhIMc7z8.js                            510.54 kB │ gzip: 160.29 kB │ map: 1,831.38 kB
../dist/public/assets/js/vendor-charts-BsL30R71.js                    514.05 kB │ gzip: 134.57 kB │ map: 2,157.61 kB
✓ built in 12.54s

PWA v1.2.0
mode      generateSW
precache  61 entries (4028.25 KiB)
files generated
  ../dist/public/sw.js.map
  ../dist/public/sw.js
  ../dist/public/workbox-b51dd497.js.map
  ../dist/public/workbox-b51dd497.js
building server...
▲ [WARNING] "import.meta" is not available with the "cjs" output format and will be empty [empty-import-meta]

    server/email/template-renderer.ts:5:33:
      5 │ const __filename = fileURLToPath(import.meta.url);
        ╵                                  ~~~~~~~~~~~

  You need to set the output format to "esm" for "import.meta" to work correctly.

1 warning

  dist/index.cjs  3.6mb ⚠️

⚡ Done in 82ms
